// Jest Snapshot v1, https://goo.gl/fbAQLP

exports[`RecordingList component renders RecordingList 1`] = `
<ul
  style={
    Object {
      "listStyle": "none",
    }
  }
/>
`;
